{"exBudgetCPU":100000080100,"exBudgetMemory":100000000600}