{"exBudgetCPU":100000048100,"exBudgetMemory":100000000400}